
Circuit 1 cell sg13_hv_nmos and Circuit 2 cell sg13_hv_nmos are black boxes.
Warning: Equate pins:  cell sg13_hv_nmos is a placeholder, treated as a black box.
Warning: Equate pins:  cell sg13_hv_nmos is a placeholder, treated as a black box.

Subcircuit pins:
Circuit 1: sg13_hv_nmos                    |Circuit 2: sg13_hv_nmos                    
-------------------------------------------|-------------------------------------------
1                                          |1                                          
2                                          |2                                          
3                                          |3                                          
4                                          |4                                          
---------------------------------------------------------------------------------------
Cell pin lists are equivalent.
Device classes sg13_hv_nmos and sg13_hv_nmos are equivalent.

Circuit 1 cell sg13_hv_pmos and Circuit 2 cell sg13_hv_pmos are black boxes.
Warning: Equate pins:  cell sg13_hv_pmos is a placeholder, treated as a black box.
Warning: Equate pins:  cell sg13_hv_pmos is a placeholder, treated as a black box.

Subcircuit pins:
Circuit 1: sg13_hv_pmos                    |Circuit 2: sg13_hv_pmos                    
-------------------------------------------|-------------------------------------------
1                                          |1                                          
2                                          |2                                          
3                                          |3                                          
4                                          |4                                          
---------------------------------------------------------------------------------------
Cell pin lists are equivalent.
Device classes sg13_hv_pmos and sg13_hv_pmos are equivalent.

Circuit 1 cell rppd and Circuit 2 cell rppd are black boxes.
Warning: Equate pins:  cell rppd is a placeholder, treated as a black box.
Warning: Equate pins:  cell rppd is a placeholder, treated as a black box.

Subcircuit pins:
Circuit 1: rppd                            |Circuit 2: rppd                            
-------------------------------------------|-------------------------------------------
1                                          |1                                          
2                                          |2                                          
3                                          |3                                          
---------------------------------------------------------------------------------------
Cell pin lists are equivalent.
Device classes rppd and rppd are equivalent.

Circuit 1 cell rsil and Circuit 2 cell rsil are black boxes.
Warning: Equate pins:  cell rsil is a placeholder, treated as a black box.
Warning: Equate pins:  cell rsil is a placeholder, treated as a black box.

Subcircuit pins:
Circuit 1: rsil                            |Circuit 2: rsil                            
-------------------------------------------|-------------------------------------------
1                                          |1                                          
2                                          |2                                          
3                                          |3                                          
---------------------------------------------------------------------------------------
Cell pin lists are equivalent.
Device classes rsil and rsil are equivalent.

Circuit 1 cell rhigh and Circuit 2 cell rhigh are black boxes.
Warning: Equate pins:  cell rhigh is a placeholder, treated as a black box.
Warning: Equate pins:  cell rhigh is a placeholder, treated as a black box.

Subcircuit pins:
Circuit 1: rhigh                           |Circuit 2: rhigh                           
-------------------------------------------|-------------------------------------------
1                                          |1                                          
2                                          |2                                          
3                                          |3                                          
---------------------------------------------------------------------------------------
Cell pin lists are equivalent.
Device classes rhigh and rhigh are equivalent.
Flattening unmatched subcell hv_rs-ff in circuit vco (1)(1 instance)
Flattening unmatched subcell hv_nand in circuit vco (1)(2 instances)
Flattening unmatched subcell comp_pmos in circuit vco (1)(1 instance)
Flattening unmatched subcell comp_nmos in circuit vco (1)(1 instance)
Flattening unmatched subcell voltage_mirror_pmos in circuit vco (1)(1 instance)
Flattening unmatched subcell hv_inverter_6u5 in circuit vco (1)(2 instances)
Flattening unmatched subcell bias_current_generator in circuit vco (1)(1 instance)
Flattening unmatched subcell current_reference_40uA in circuit vco (1)(1 instance)

Class vco (0):  Merged 40 parallel devices.
Class vco (0):  Merged 40 series devices.
Class vco (1):  Merged 3 parallel devices.
Subcircuit summary:
Circuit 1: vco                             |Circuit 2: vco                             
-------------------------------------------|-------------------------------------------
sg13_hv_nmos (45->27)                      |sg13_hv_nmos (30->27)                      
sg13_hv_pmos (49->27)                      |sg13_hv_pmos (27)                          
rhigh (11->3)                              |rhigh (3)                                  
rppd (2->1)                                |rppd (1)                                   
rsil (32->1)                               |rsil (1)                                   
Number of devices: 59                      |Number of devices: 59                      
Number of nets: 35                         |Number of nets: 35                         
---------------------------------------------------------------------------------------
Netlists match uniquely with property errors.
rsil:65 vs. bias_current_generator:8/current_reference_40uA:4/rsil:R3:
 l circuit1: 0.00032   circuit2: 0.000365   (delta=13.1%, cutoff=1%)
rsil:65 vs. bias_current_generator:8/current_reference_40uA:4/rsil:R3:
Property mm_ok in circuit2 has no matching property in circuit1
rsil:65 vs. bias_current_generator:8/current_reference_40uA:4/rsil:R3:
Property mm_ok in circuit2 has no matching property in circuit1
rppd:47 vs. bias_current_generator:8/current_reference_40uA:4/rppd:R2:
Property mm_ok in circuit2 has no matching property in circuit1
rppd:47 vs. bias_current_generator:8/current_reference_40uA:4/rppd:R2:
Property mm_ok in circuit2 has no matching property in circuit1
rhigh:72 vs. voltage_mirror_pmos:2/rhigh:R1:
Property mm_ok in circuit2 has no matching property in circuit1
rhigh:72 vs. voltage_mirror_pmos:2/rhigh:R1:
Property mm_ok in circuit2 has no matching property in circuit1
rhigh:37 vs. voltage_mirror_pmos:2/rhigh:R2:
Property mm_ok in circuit2 has no matching property in circuit1
rhigh:37 vs. voltage_mirror_pmos:2/rhigh:R2:
Property mm_ok in circuit2 has no matching property in circuit1
rhigh:14 vs. voltage_mirror_pmos:2/rhigh:R3:
Property mm_ok in circuit2 has no matching property in circuit1
rhigh:14 vs. voltage_mirror_pmos:2/rhigh:R3:
Property mm_ok in circuit2 has no matching property in circuit1
sg13_hv_pmos:2 vs. hv_rs-ff:1/hv_nand:4/sg13_hv_pmos:M3:
 l circuit1: "4e-07"   (unresolved expression)  (property type mismatch)
 w circuit1: "1e-05"   (unresolved expression)  (property type mismatch)
sg13_hv_pmos:2 vs. hv_rs-ff:1/hv_nand:4/sg13_hv_pmos:M3:
Property mm_ok in circuit2 has no matching property in circuit1
sg13_hv_pmos:5 vs. hv_rs-ff:1/hv_nand:4/sg13_hv_pmos:M4:
 l circuit1: "4e-07"   (unresolved expression)  (property type mismatch)
 w circuit1: "1e-05"   (unresolved expression)  (property type mismatch)
sg13_hv_pmos:5 vs. hv_rs-ff:1/hv_nand:4/sg13_hv_pmos:M4:
Property mm_ok in circuit2 has no matching property in circuit1
sg13_hv_pmos:25 vs. hv_rs-ff:1/hv_nand:5/sg13_hv_pmos:M4:
 l circuit1: "4e-07"   (unresolved expression)  (property type mismatch)
 w circuit1: "1e-05"   (unresolved expression)  (property type mismatch)
sg13_hv_pmos:25 vs. hv_rs-ff:1/hv_nand:5/sg13_hv_pmos:M4:
Property mm_ok in circuit2 has no matching property in circuit1
sg13_hv_pmos:54 vs. sg13_hv_pmos:M6:
Property mm_ok in circuit2 has no matching property in circuit1
sg13_hv_pmos:54 vs. sg13_hv_pmos:M6:
Property mm_ok in circuit2 has no matching property in circuit1
sg13_hv_pmos:70 vs. comp_pmos:5/sg13_hv_pmos:M9:
 l circuit1: 4e-07   "p_l"  (property type mismatch)
 w circuit1: 2e-06   (unresolved expression)  (property type mismatch)
sg13_hv_pmos:70 vs. comp_pmos:5/sg13_hv_pmos:M9:
Property mm_ok in circuit2 has no matching property in circuit1
sg13_hv_pmos:70 vs. comp_pmos:5/sg13_hv_pmos:M9:
Property mm_ok in circuit2 has no matching property in circuit1
sg13_hv_pmos:6 vs. comp_pmos:5/sg13_hv_pmos:M12:
 l circuit1: 4e-07   "p_l"  (property type mismatch)
 w circuit1: 2e-06   "p_w"  (property type mismatch)
sg13_hv_pmos:6 vs. comp_pmos:5/sg13_hv_pmos:M12:
Property mm_ok in circuit2 has no matching property in circuit1
sg13_hv_pmos:6 vs. comp_pmos:5/sg13_hv_pmos:M12:
Property mm_ok in circuit2 has no matching property in circuit1
sg13_hv_pmos:108 vs. comp_pmos:5/sg13_hv_pmos:M13:
 l circuit1: 4e-07   "p_l"  (property type mismatch)
 w circuit1: 2e-06   "p_w"  (property type mismatch)
sg13_hv_pmos:108 vs. comp_pmos:5/sg13_hv_pmos:M13:
Property mm_ok in circuit2 has no matching property in circuit1
sg13_hv_pmos:108 vs. comp_pmos:5/sg13_hv_pmos:M13:
Property mm_ok in circuit2 has no matching property in circuit1
sg13_hv_pmos:49 vs. comp_nmos:7/sg13_hv_pmos:M1:
 l circuit1: 4e-07   "p_l"  (property type mismatch)
 w circuit1: 2e-06   "p_w"  (property type mismatch)
sg13_hv_pmos:49 vs. comp_nmos:7/sg13_hv_pmos:M1:
Property mm_ok in circuit2 has no matching property in circuit1
sg13_hv_pmos:49 vs. comp_nmos:7/sg13_hv_pmos:M1:
Property mm_ok in circuit2 has no matching property in circuit1
sg13_hv_pmos:15 vs. comp_nmos:7/sg13_hv_pmos:M2:
 l circuit1: 4e-07   "p_l"  (property type mismatch)
 w circuit1: 2e-06   "p_w"  (property type mismatch)
sg13_hv_pmos:15 vs. comp_nmos:7/sg13_hv_pmos:M2:
Property mm_ok in circuit2 has no matching property in circuit1
sg13_hv_pmos:15 vs. comp_nmos:7/sg13_hv_pmos:M2:
Property mm_ok in circuit2 has no matching property in circuit1
sg13_hv_pmos:24 vs. voltage_mirror_pmos:2/sg13_hv_pmos:M3:
 l circuit1: 2e-06   "p_l"  (property type mismatch)
 w circuit1: 1e-05   "p_w"  (property type mismatch)
sg13_hv_pmos:24 vs. voltage_mirror_pmos:2/sg13_hv_pmos:M3:
Property mm_ok in circuit2 has no matching property in circuit1
sg13_hv_pmos:24 vs. voltage_mirror_pmos:2/sg13_hv_pmos:M3:
Property mm_ok in circuit2 has no matching property in circuit1
sg13_hv_pmos:116 vs. bias_current_generator:8/current_reference_40uA:4/sg13_hv_pmos:M6:
 l circuit1: 2e-06   "p_l"  (property type mismatch)
 w circuit1: 1e-05   "p_w"  (property type mismatch)
sg13_hv_pmos:116 vs. bias_current_generator:8/current_reference_40uA:4/sg13_hv_pmos:M6:
Property mm_ok in circuit2 has no matching property in circuit1
sg13_hv_pmos:116 vs. bias_current_generator:8/current_reference_40uA:4/sg13_hv_pmos:M6:
Property mm_ok in circuit2 has no matching property in circuit1
sg13_hv_pmos:64 vs. hv_rs-ff:1/hv_nand:5/sg13_hv_pmos:M3:
 l circuit1: 4e-07   (unresolved expression)  (property type mismatch)
 w circuit1: 4e-05   (unresolved expression)  (property type mismatch)
sg13_hv_pmos:64 vs. hv_rs-ff:1/hv_nand:5/sg13_hv_pmos:M3:
Property mm_ok in circuit2 has no matching property in circuit1
sg13_hv_pmos:118 vs. hv_inverter_6u5:6/sg13_hv_pmos:M3:
 l circuit1: 4e-07   (unresolved expression)  (property type mismatch)
 w circuit1: 6.5e-06   (unresolved expression)  (property type mismatch)
sg13_hv_pmos:118 vs. hv_inverter_6u5:6/sg13_hv_pmos:M3:
Property mm_ok in circuit2 has no matching property in circuit1
sg13_hv_pmos:118 vs. hv_inverter_6u5:6/sg13_hv_pmos:M3:
Property mm_ok in circuit2 has no matching property in circuit1
sg13_hv_pmos:50 vs. bias_current_generator:8/current_reference_40uA:4/sg13_hv_pmos:M1:
 l circuit1: 2e-06   "p_l"  (property type mismatch)
 w circuit1: 1e-05   "p_w"  (property type mismatch)
sg13_hv_pmos:50 vs. bias_current_generator:8/current_reference_40uA:4/sg13_hv_pmos:M1:
Property mm_ok in circuit2 has no matching property in circuit1
sg13_hv_pmos:50 vs. bias_current_generator:8/current_reference_40uA:4/sg13_hv_pmos:M1:
Property mm_ok in circuit2 has no matching property in circuit1
sg13_hv_pmos:45 vs. comp_nmos:7/sg13_hv_pmos:M6:
 l circuit1: 4e-07   "p_l"  (property type mismatch)
 w circuit1: 2e-06   "p_w"  (property type mismatch)
sg13_hv_pmos:45 vs. comp_nmos:7/sg13_hv_pmos:M6:
Property mm_ok in circuit2 has no matching property in circuit1
sg13_hv_pmos:45 vs. comp_nmos:7/sg13_hv_pmos:M6:
Property mm_ok in circuit2 has no matching property in circuit1
sg13_hv_pmos:40 vs. hv_inverter_6u5:3/sg13_hv_pmos:M3:
 l circuit1: 4e-07   (unresolved expression)  (property type mismatch)
 w circuit1: 6.5e-06   (unresolved expression)  (property type mismatch)
sg13_hv_pmos:40 vs. hv_inverter_6u5:3/sg13_hv_pmos:M3:
Property mm_ok in circuit2 has no matching property in circuit1
sg13_hv_pmos:40 vs. hv_inverter_6u5:3/sg13_hv_pmos:M3:
Property mm_ok in circuit2 has no matching property in circuit1
sg13_hv_pmos:36 vs. voltage_mirror_pmos:2/sg13_hv_pmos:M6:
 l circuit1: 2e-06   "p_l"  (property type mismatch)
 w circuit1: 1.9e-05   (unresolved expression)  (property type mismatch)
sg13_hv_pmos:36 vs. voltage_mirror_pmos:2/sg13_hv_pmos:M6:
Property mm_ok in circuit2 has no matching property in circuit1
sg13_hv_pmos:23 vs. bias_current_generator:8/sg13_hv_pmos:M11:
 l circuit1: 2e-06   "cm_p_l"  (property type mismatch)
 w circuit1: 1e-05   "cm_p_w"  (property type mismatch)
sg13_hv_pmos:23 vs. bias_current_generator:8/sg13_hv_pmos:M11:
Property mm_ok in circuit2 has no matching property in circuit1
sg13_hv_pmos:112 vs. voltage_mirror_pmos:2/sg13_hv_pmos:M4:
 l circuit1: 2e-06   "p_l"  (property type mismatch)
 w circuit1: 1e-05   "p_w"  (property type mismatch)
sg13_hv_pmos:112 vs. voltage_mirror_pmos:2/sg13_hv_pmos:M4:
Property mm_ok in circuit2 has no matching property in circuit1
sg13_hv_pmos:112 vs. voltage_mirror_pmos:2/sg13_hv_pmos:M4:
Property mm_ok in circuit2 has no matching property in circuit1
sg13_hv_pmos:7 vs. bias_current_generator:8/sg13_hv_pmos:M13:
 l circuit1: 2e-06   "cm_p_l"  (property type mismatch)
 w circuit1: 1e-05   "cm_p_w"  (property type mismatch)
sg13_hv_pmos:7 vs. bias_current_generator:8/sg13_hv_pmos:M13:
Property mm_ok in circuit2 has no matching property in circuit1
sg13_hv_pmos:60 vs. bias_current_generator:8/sg13_hv_pmos:M12:
 l circuit1: 2e-06   "cm_p_l"  (property type mismatch)
 w circuit1: 1e-05   "cm_p_w"  (property type mismatch)
sg13_hv_pmos:60 vs. bias_current_generator:8/sg13_hv_pmos:M12:
Property mm_ok in circuit2 has no matching property in circuit1
sg13_hv_pmos:22 vs. bias_current_generator:8/sg13_hv_pmos:M1:
 l circuit1: 2e-06   "cm_p_l"  (property type mismatch)
 w circuit1: 1e-05   "cm_p_w"  (property type mismatch)
sg13_hv_pmos:22 vs. bias_current_generator:8/sg13_hv_pmos:M1:
Property mm_ok in circuit2 has no matching property in circuit1
sg13_hv_pmos:82 vs. comp_pmos:5/sg13_hv_pmos:M11:
 l circuit1: 4e-07   "p_l"  (property type mismatch)
 w circuit1: 2e-06   "p_w"  (property type mismatch)
sg13_hv_pmos:82 vs. comp_pmos:5/sg13_hv_pmos:M11:
Property mm_ok in circuit2 has no matching property in circuit1
sg13_hv_pmos:82 vs. comp_pmos:5/sg13_hv_pmos:M11:
Property mm_ok in circuit2 has no matching property in circuit1
sg13_hv_pmos:31 vs. bias_current_generator:8/sg13_hv_pmos:M25:
 l circuit1: 2e-06   "cm_p_l"  (property type mismatch)
 w circuit1: 2e-05   (unresolved expression)  (property type mismatch)
sg13_hv_pmos:31 vs. bias_current_generator:8/sg13_hv_pmos:M25:
Property mm_ok in circuit2 has no matching property in circuit1
sg13_hv_pmos:115 vs. comp_pmos:5/sg13_hv_pmos:M10:
 l circuit1: 4e-07   "p_l"  (property type mismatch)
 w circuit1: 2e-06   (unresolved expression)  (property type mismatch)
sg13_hv_pmos:115 vs. comp_pmos:5/sg13_hv_pmos:M10:
Property mm_ok in circuit2 has no matching property in circuit1
sg13_hv_pmos:115 vs. comp_pmos:5/sg13_hv_pmos:M10:
Property mm_ok in circuit2 has no matching property in circuit1
sg13_hv_pmos:62 vs. bias_current_generator:8/sg13_hv_pmos:M26:
 l circuit1: 2e-06   "cm_p_l"  (property type mismatch)
 w circuit1: 1e-05   "cm_p_w"  (property type mismatch)
sg13_hv_pmos:62 vs. bias_current_generator:8/sg13_hv_pmos:M26:
Property mm_ok in circuit2 has no matching property in circuit1
sg13_hv_pmos:48 vs. bias_current_generator:8/sg13_hv_pmos:M27:
 l circuit1: 2e-06   "cm_p_l"  (property type mismatch)
 w circuit1: 1e-05   "cm_p_w"  (property type mismatch)
sg13_hv_pmos:48 vs. bias_current_generator:8/sg13_hv_pmos:M27:
Property mm_ok in circuit2 has no matching property in circuit1
sg13_hv_nmos:127 vs. sg13_hv_nmos:M4:
Property mm_ok in circuit2 has no matching property in circuit1
sg13_hv_nmos:127 vs. sg13_hv_nmos:M4:
Property mm_ok in circuit2 has no matching property in circuit1
sg13_hv_nmos:20 vs. hv_rs-ff:1/hv_nand:4/sg13_hv_nmos:M2:
 l circuit1: 4.5e-07   (unresolved expression)  (property type mismatch)
 w circuit1: 1.2e-05   (unresolved expression)  (property type mismatch)
sg13_hv_nmos:20 vs. hv_rs-ff:1/hv_nand:4/sg13_hv_nmos:M2:
Property mm_ok in circuit2 has no matching property in circuit1
sg13_hv_nmos:3 vs. hv_rs-ff:1/hv_nand:4/sg13_hv_nmos:M1:
 l circuit1: 4.5e-07   (unresolved expression)  (property type mismatch)
 w circuit1: 1.2e-05   (unresolved expression)  (property type mismatch)
sg13_hv_nmos:3 vs. hv_rs-ff:1/hv_nand:4/sg13_hv_nmos:M1:
Property mm_ok in circuit2 has no matching property in circuit1
sg13_hv_nmos:33 vs. hv_rs-ff:1/hv_nand:5/sg13_hv_nmos:M2:
 l circuit1: 4.5e-07   (unresolved expression)  (property type mismatch)
 w circuit1: 1.2e-05   (unresolved expression)  (property type mismatch)
sg13_hv_nmos:33 vs. hv_rs-ff:1/hv_nand:5/sg13_hv_nmos:M2:
Property mm_ok in circuit2 has no matching property in circuit1
sg13_hv_nmos:58 vs. comp_pmos:5/sg13_hv_nmos:M16:
 l circuit1: 1.5e-06   "n_l"  (property type mismatch)
 w circuit1: 1.2e-06   "n_w"  (property type mismatch)
sg13_hv_nmos:58 vs. comp_pmos:5/sg13_hv_nmos:M16:
Property mm_ok in circuit2 has no matching property in circuit1
sg13_hv_nmos:58 vs. comp_pmos:5/sg13_hv_nmos:M16:
Property mm_ok in circuit2 has no matching property in circuit1
sg13_hv_nmos:92 vs. comp_nmos:7/sg13_hv_nmos:M8:
 l circuit1: 1.5e-06   "n_l"  (property type mismatch)
 w circuit1: 1.2e-06   "n_w"  (property type mismatch)
sg13_hv_nmos:92 vs. comp_nmos:7/sg13_hv_nmos:M8:
Property mm_ok in circuit2 has no matching property in circuit1
sg13_hv_nmos:92 vs. comp_nmos:7/sg13_hv_nmos:M8:
Property mm_ok in circuit2 has no matching property in circuit1
sg13_hv_nmos:88 vs. comp_nmos:7/sg13_hv_nmos:M3:
 l circuit1: 1.5e-06   "n_l"  (property type mismatch)
 w circuit1: 1.2e-06   "n_w"  (property type mismatch)
sg13_hv_nmos:88 vs. comp_nmos:7/sg13_hv_nmos:M3:
Property mm_ok in circuit2 has no matching property in circuit1
sg13_hv_nmos:88 vs. comp_nmos:7/sg13_hv_nmos:M3:
Property mm_ok in circuit2 has no matching property in circuit1
sg13_hv_nmos:68 vs. comp_nmos:7/sg13_hv_nmos:M4:
 l circuit1: 1.5e-06   "n_l"  (property type mismatch)
 w circuit1: 2.4e-06   (unresolved expression)  (property type mismatch)
sg13_hv_nmos:68 vs. comp_nmos:7/sg13_hv_nmos:M4:
Property mm_ok in circuit2 has no matching property in circuit1
sg13_hv_nmos:68 vs. comp_nmos:7/sg13_hv_nmos:M4:
Property mm_ok in circuit2 has no matching property in circuit1
sg13_hv_nmos:120 vs. comp_nmos:7/sg13_hv_nmos:M5:
 l circuit1: 1.5e-06   "n_l"  (property type mismatch)
 w circuit1: 2.4e-06   (unresolved expression)  (property type mismatch)
sg13_hv_nmos:120 vs. comp_nmos:7/sg13_hv_nmos:M5:
Property mm_ok in circuit2 has no matching property in circuit1
sg13_hv_nmos:120 vs. comp_nmos:7/sg13_hv_nmos:M5:
Property mm_ok in circuit2 has no matching property in circuit1
sg13_hv_nmos:27 vs. comp_pmos:5/sg13_hv_nmos:M14:
 l circuit1: 1.5e-06   "n_l"  (property type mismatch)
 w circuit1: 1.2e-06   "n_w"  (property type mismatch)
sg13_hv_nmos:27 vs. comp_pmos:5/sg13_hv_nmos:M14:
Property mm_ok in circuit2 has no matching property in circuit1
sg13_hv_nmos:27 vs. comp_pmos:5/sg13_hv_nmos:M14:
Property mm_ok in circuit2 has no matching property in circuit1
sg13_hv_nmos:13 vs. voltage_mirror_pmos:2/sg13_hv_nmos:M5:
 l circuit1: 5e-06   "n_l"  (property type mismatch)
 w circuit1: 6e-06   "n_w"  (property type mismatch)
sg13_hv_nmos:13 vs. voltage_mirror_pmos:2/sg13_hv_nmos:M5:
Property mm_ok in circuit2 has no matching property in circuit1
sg13_hv_nmos:13 vs. voltage_mirror_pmos:2/sg13_hv_nmos:M5:
Property mm_ok in circuit2 has no matching property in circuit1
sg13_hv_nmos:0 vs. bias_current_generator:8/current_reference_40uA:4/sg13_hv_nmos:M3:
 l circuit1: 5e-06   "n_l"  (property type mismatch)
 w circuit1: 6e-06   "n_w"  (property type mismatch)
sg13_hv_nmos:0 vs. bias_current_generator:8/current_reference_40uA:4/sg13_hv_nmos:M3:
Property mm_ok in circuit2 has no matching property in circuit1
sg13_hv_nmos:12 vs. bias_current_generator:8/sg13_hv_nmos:M15:
 l circuit1: 5e-06   "cm_n_l"  (property type mismatch)
 w circuit1: 6e-06   "cm_n_w"  (property type mismatch)
sg13_hv_nmos:12 vs. bias_current_generator:8/sg13_hv_nmos:M15:
Property mm_ok in circuit2 has no matching property in circuit1
sg13_hv_nmos:12 vs. bias_current_generator:8/sg13_hv_nmos:M15:
Property mm_ok in circuit2 has no matching property in circuit1
sg13_hv_nmos:132 vs. bias_current_generator:8/current_reference_40uA:4/sg13_hv_nmos:M7:
 l circuit1: 5e-06   "n_l"  (property type mismatch)
 w circuit1: 6e-06   "n_w"  (property type mismatch)
sg13_hv_nmos:132 vs. bias_current_generator:8/current_reference_40uA:4/sg13_hv_nmos:M7:
Property mm_ok in circuit2 has no matching property in circuit1
sg13_hv_nmos:132 vs. bias_current_generator:8/current_reference_40uA:4/sg13_hv_nmos:M7:
Property mm_ok in circuit2 has no matching property in circuit1
sg13_hv_nmos:106 vs. bias_current_generator:8/sg13_hv_nmos:M3:
 l circuit1: 5e-06   "cm_n_l"  (property type mismatch)
 w circuit1: 6e-06   "cm_n_w"  (property type mismatch)
sg13_hv_nmos:106 vs. bias_current_generator:8/sg13_hv_nmos:M3:
Property mm_ok in circuit2 has no matching property in circuit1
sg13_hv_nmos:106 vs. bias_current_generator:8/sg13_hv_nmos:M3:
Property mm_ok in circuit2 has no matching property in circuit1
sg13_hv_nmos:90 vs. bias_current_generator:8/current_reference_40uA:4/sg13_hv_nmos:M8:
 l circuit1: 5e-06   "n_l"  (property type mismatch)
 w circuit1: 6e-06   "n_w"  (property type mismatch)
sg13_hv_nmos:90 vs. bias_current_generator:8/current_reference_40uA:4/sg13_hv_nmos:M8:
Property mm_ok in circuit2 has no matching property in circuit1
sg13_hv_nmos:90 vs. bias_current_generator:8/current_reference_40uA:4/sg13_hv_nmos:M8:
Property mm_ok in circuit2 has no matching property in circuit1
sg13_hv_nmos:76 vs. bias_current_generator:8/sg13_hv_nmos:M5:
 l circuit1: 5e-06   "cm_n_l"  (property type mismatch)
 w circuit1: 6e-06   "cm_n_w"  (property type mismatch)
sg13_hv_nmos:76 vs. bias_current_generator:8/sg13_hv_nmos:M5:
Property mm_ok in circuit2 has no matching property in circuit1
sg13_hv_nmos:76 vs. bias_current_generator:8/sg13_hv_nmos:M5:
Property mm_ok in circuit2 has no matching property in circuit1
sg13_hv_nmos:28 vs. comp_nmos:7/sg13_hv_nmos:M7:
 l circuit1: 1.5e-06   "n_l"  (property type mismatch)
 w circuit1: 1.2e-06   "n_w"  (property type mismatch)
sg13_hv_nmos:28 vs. comp_nmos:7/sg13_hv_nmos:M7:
Property mm_ok in circuit2 has no matching property in circuit1
sg13_hv_nmos:28 vs. comp_nmos:7/sg13_hv_nmos:M7:
Property mm_ok in circuit2 has no matching property in circuit1
sg13_hv_nmos:4 vs. bias_current_generator:8/sg13_hv_nmos:M2:
 l circuit1: 5e-06   "cm_n_l"  (property type mismatch)
 w circuit1: 2.4e-05   (unresolved expression)  (property type mismatch)
sg13_hv_nmos:4 vs. bias_current_generator:8/sg13_hv_nmos:M2:
Property mm_ok in circuit2 has no matching property in circuit1
sg13_hv_nmos:122 vs. comp_pmos:5/sg13_hv_nmos:M15:
 l circuit1: 1.5e-06   "n_l"  (property type mismatch)
 w circuit1: 1.2e-06   "n_w"  (property type mismatch)
sg13_hv_nmos:122 vs. comp_pmos:5/sg13_hv_nmos:M15:
Property mm_ok in circuit2 has no matching property in circuit1
sg13_hv_nmos:122 vs. comp_pmos:5/sg13_hv_nmos:M15:
Property mm_ok in circuit2 has no matching property in circuit1
sg13_hv_nmos:111 vs. bias_current_generator:8/sg13_hv_nmos:M14:
 l circuit1: 5e-06   "cm_n_l"  (property type mismatch)
 w circuit1: 6e-06   "cm_n_w"  (property type mismatch)
sg13_hv_nmos:111 vs. bias_current_generator:8/sg13_hv_nmos:M14:
Property mm_ok in circuit2 has no matching property in circuit1
sg13_hv_nmos:111 vs. bias_current_generator:8/sg13_hv_nmos:M14:
Property mm_ok in circuit2 has no matching property in circuit1
sg13_hv_nmos:59 vs. hv_inverter_6u5:6/sg13_hv_nmos:M2:
 l circuit1: 4.5e-07   (unresolved expression)  (property type mismatch)
 w circuit1: 2e-06   (unresolved expression)  (property type mismatch)
sg13_hv_nmos:59 vs. hv_inverter_6u5:6/sg13_hv_nmos:M2:
Property mm_ok in circuit2 has no matching property in circuit1
sg13_hv_nmos:59 vs. hv_inverter_6u5:6/sg13_hv_nmos:M2:
Property mm_ok in circuit2 has no matching property in circuit1
sg13_hv_nmos:30 vs. hv_inverter_6u5:3/sg13_hv_nmos:M2:
 l circuit1: 4.5e-07   (unresolved expression)  (property type mismatch)
 w circuit1: 2e-06   (unresolved expression)  (property type mismatch)
sg13_hv_nmos:30 vs. hv_inverter_6u5:3/sg13_hv_nmos:M2:
Property mm_ok in circuit2 has no matching property in circuit1
sg13_hv_nmos:30 vs. hv_inverter_6u5:3/sg13_hv_nmos:M2:
Property mm_ok in circuit2 has no matching property in circuit1
sg13_hv_nmos:17 vs. voltage_mirror_pmos:2/sg13_hv_nmos:M2:
 l circuit1: 5e-06   "n_l"  (property type mismatch)
 w circuit1: 6e-06   "n_w"  (property type mismatch)
sg13_hv_nmos:17 vs. voltage_mirror_pmos:2/sg13_hv_nmos:M2:
Property mm_ok in circuit2 has no matching property in circuit1
sg13_hv_nmos:17 vs. voltage_mirror_pmos:2/sg13_hv_nmos:M2:
Property mm_ok in circuit2 has no matching property in circuit1
sg13_hv_nmos:9 vs. bias_current_generator:8/sg13_hv_nmos:M28:
 l circuit1: 5e-06   "cm_n_l"  (property type mismatch)
 w circuit1: 6e-06   "cm_n_w"  (property type mismatch)
sg13_hv_nmos:9 vs. bias_current_generator:8/sg13_hv_nmos:M28:
Property mm_ok in circuit2 has no matching property in circuit1
sg13_hv_nmos:9 vs. bias_current_generator:8/sg13_hv_nmos:M28:
Property mm_ok in circuit2 has no matching property in circuit1
sg13_hv_nmos:32 vs. bias_current_generator:8/sg13_hv_nmos:M29:
 l circuit1: 5e-06   "cm_n_l"  (property type mismatch)
 w circuit1: 6e-06   "cm_n_w"  (property type mismatch)
sg13_hv_nmos:32 vs. bias_current_generator:8/sg13_hv_nmos:M29:
Property mm_ok in circuit2 has no matching property in circuit1
sg13_hv_nmos:32 vs. bias_current_generator:8/sg13_hv_nmos:M29:
Property mm_ok in circuit2 has no matching property in circuit1
sg13_hv_nmos:18 vs. hv_rs-ff:1/hv_nand:5/sg13_hv_nmos:M1:
 l circuit1: 4.5e-07   (unresolved expression)  (property type mismatch)
 w circuit1: 1.2e-05   (unresolved expression)  (property type mismatch)
sg13_hv_nmos:18 vs. hv_rs-ff:1/hv_nand:5/sg13_hv_nmos:M1:
Property mm_ok in circuit2 has no matching property in circuit1

Subcircuit pins:
Circuit 1: vco                             |Circuit 2: vco                             
-------------------------------------------|-------------------------------------------
vctrl                                      |vctrl                                      
out                                        |out                                        
VDD                                        |VDD                                        
VSS                                        |VSS                                        
vc                                         |vc                                         
nout                                       |nout                                       
---------------------------------------------------------------------------------------
Cell pin lists are equivalent.
Device classes vco and vco are equivalent.

Final result: Circuits match uniquely.
Property errors were found.

The following cells had property errors:
 vco
