
Circuit 1 cell sg13_hv_nmos and Circuit 2 cell sg13_hv_nmos are black boxes.
Warning: Equate pins:  cell sg13_hv_nmos is a placeholder, treated as a black box.
Warning: Equate pins:  cell sg13_hv_nmos is a placeholder, treated as a black box.

Subcircuit pins:
Circuit 1: sg13_hv_nmos                    |Circuit 2: sg13_hv_nmos                    
-------------------------------------------|-------------------------------------------
1                                          |1                                          
2                                          |2                                          
3                                          |3                                          
4                                          |4                                          
---------------------------------------------------------------------------------------
Cell pin lists are equivalent.
Device classes sg13_hv_nmos and sg13_hv_nmos are equivalent.

Circuit 1 cell sg13_hv_pmos and Circuit 2 cell sg13_hv_pmos are black boxes.
Warning: Equate pins:  cell sg13_hv_pmos is a placeholder, treated as a black box.
Warning: Equate pins:  cell sg13_hv_pmos is a placeholder, treated as a black box.

Subcircuit pins:
Circuit 1: sg13_hv_pmos                    |Circuit 2: sg13_hv_pmos                    
-------------------------------------------|-------------------------------------------
1                                          |1                                          
2                                          |2                                          
3                                          |3                                          
4                                          |4                                          
---------------------------------------------------------------------------------------
Cell pin lists are equivalent.
Device classes sg13_hv_pmos and sg13_hv_pmos are equivalent.

Circuit 1 cell rppd and Circuit 2 cell rppd are black boxes.
Warning: Equate pins:  cell rppd is a placeholder, treated as a black box.
Warning: Equate pins:  cell rppd is a placeholder, treated as a black box.

Subcircuit pins:
Circuit 1: rppd                            |Circuit 2: rppd                            
-------------------------------------------|-------------------------------------------
1                                          |1                                          
2                                          |2                                          
3                                          |3                                          
---------------------------------------------------------------------------------------
Cell pin lists are equivalent.
Device classes rppd and rppd are equivalent.

Circuit 1 cell rsil and Circuit 2 cell rsil are black boxes.
Warning: Equate pins:  cell rsil is a placeholder, treated as a black box.
Warning: Equate pins:  cell rsil is a placeholder, treated as a black box.

Subcircuit pins:
Circuit 1: rsil                            |Circuit 2: rsil                            
-------------------------------------------|-------------------------------------------
1                                          |1                                          
2                                          |2                                          
3                                          |3                                          
---------------------------------------------------------------------------------------
Cell pin lists are equivalent.
Device classes rsil and rsil are equivalent.

Circuit 1 cell rhigh and Circuit 2 cell rhigh are black boxes.
Warning: Equate pins:  cell rhigh is a placeholder, treated as a black box.
Warning: Equate pins:  cell rhigh is a placeholder, treated as a black box.

Subcircuit pins:
Circuit 1: rhigh                           |Circuit 2: rhigh                           
-------------------------------------------|-------------------------------------------
1                                          |1                                          
2                                          |2                                          
3                                          |3                                          
---------------------------------------------------------------------------------------
Cell pin lists are equivalent.
Device classes rhigh and rhigh are equivalent.
Flattening unmatched subcell switched_cap_cell in circuit heichips26_vcr_tiny (1)(1 instance)
Flattening unmatched subcell transmission_gate in circuit heichips26_vcr_tiny (1)(4 instances)
Flattening unmatched subcell osc in circuit heichips26_vcr_tiny (1)(1 instance)
Flattening unmatched subcell hv_mux4 in circuit heichips26_vcr_tiny (1)(1 instance)
Flattening unmatched subcell hv_nor4 in circuit heichips26_vcr_tiny (1)(1 instance)
Flattening unmatched subcell hv_nor in circuit heichips26_vcr_tiny (1)(4 instances)
Flattening unmatched subcell vco in circuit heichips26_vcr_tiny (1)(1 instance)
Flattening unmatched subcell hv_rs-ff in circuit heichips26_vcr_tiny (1)(1 instance)
Flattening unmatched subcell hv_nand in circuit heichips26_vcr_tiny (1)(2 instances)
Flattening unmatched subcell comp_pmos in circuit heichips26_vcr_tiny (1)(1 instance)
Flattening unmatched subcell comp_nmos in circuit heichips26_vcr_tiny (1)(1 instance)
Flattening unmatched subcell voltage_mirror_pmos in circuit heichips26_vcr_tiny (1)(1 instance)
Flattening unmatched subcell hv_inverter_6u5 in circuit heichips26_vcr_tiny (1)(2 instances)
Flattening unmatched subcell bias_current_generator in circuit heichips26_vcr_tiny (1)(1 instance)
Flattening unmatched subcell current_reference_40uA in circuit heichips26_vcr_tiny (1)(1 instance)
Flattening unmatched subcell pulse_shaper_en in circuit heichips26_vcr_tiny (1)(1 instance)
Flattening unmatched subcell low_th_inverter in circuit heichips26_vcr_tiny (1)(1 instance)
Flattening unmatched subcell high_th_inverter in circuit heichips26_vcr_tiny (1)(1 instance)
Flattening unmatched subcell hv_inverter_40u in circuit heichips26_vcr_tiny (1)(5 instances)
Flattening unmatched subcell hv_inverter_0u3 in circuit heichips26_vcr_tiny (1)(1 instance)
Flattening unmatched subcell hv_nor in circuit heichips26_vcr_tiny (1)(1 instance)
Flattening unmatched subcell hv_nand in circuit heichips26_vcr_tiny (1)(1 instance)
Flattening unmatched subcell hv_binary_decoder4 in circuit heichips26_vcr_tiny (1)(1 instance)
Flattening unmatched subcell hv_inverter_40u in circuit heichips26_vcr_tiny (1)(2 instances)
Flattening unmatched subcell hv_nand in circuit heichips26_vcr_tiny (1)(4 instances)
Flattening unmatched subcell lvl_shift_up in circuit heichips26_vcr_tiny (1)(4 instances)
Flattening unmatched subcell hv_inverter_6u5 in circuit heichips26_vcr_tiny (1)(4 instances)
Flattening unmatched subcell YadavVCR in circuit heichips26_vcr_tiny (1)(1 instance)
Flattening unmatched subcell analog_switch_3pst in circuit heichips26_vcr_tiny (1)(1 instance)
Flattening unmatched subcell transmission_gate in circuit heichips26_vcr_tiny (1)(3 instances)
Flattening unmatched subcell hv_inverter_40u in circuit heichips26_vcr_tiny (1)(1 instance)
Flattening unmatched subcell lvl_shift_up in circuit heichips26_vcr_tiny (1)(1 instance)
Flattening unmatched subcell hv_inverter_6u5 in circuit heichips26_vcr_tiny (1)(1 instance)
Flattening unmatched subcell sg13g2_hv_tielo in circuit heichips26_vcr_tiny (1)(3 instances)

Cell heichips26_vcr_tiny (0) disconnected node: clk
Cell heichips26_vcr_tiny (0) disconnected node: ena
Cell heichips26_vcr_tiny (0) disconnected node: rst_n
Cell heichips26_vcr_tiny (1) disconnected node: rst_n
Cell heichips26_vcr_tiny (1) disconnected node: clk
Cell heichips26_vcr_tiny (1) disconnected node: ena
Removing zero-valued device vsrc from cell heichips26_vcr_tiny (1) makes a better match
Removing zero-valued device vsrc from cell heichips26_vcr_tiny (1) makes a better match
Removing zero-valued device vsrc from cell heichips26_vcr_tiny (1) makes a better match
Removing zero-valued device vsrc from cell heichips26_vcr_tiny (1) makes a better match
Removing zero-valued device vsrc from cell heichips26_vcr_tiny (1) makes a better match
Removing zero-valued device vsrc from cell heichips26_vcr_tiny (1) makes a better match
Removing zero-valued device vsrc from cell heichips26_vcr_tiny (1) makes a better match
Removing zero-valued device vsrc from cell heichips26_vcr_tiny (1) makes a better match
Removing zero-valued device vsrc from cell heichips26_vcr_tiny (1) makes a better match
Removing zero-valued device vsrc from cell heichips26_vcr_tiny (1) makes a better match
Removing zero-valued device vsrc from cell heichips26_vcr_tiny (1) makes a better match
Removing zero-valued device vsrc from cell heichips26_vcr_tiny (1) makes a better match
Removing zero-valued device vsrc from cell heichips26_vcr_tiny (1) makes a better match
Removing zero-valued device vsrc from cell heichips26_vcr_tiny (1) makes a better match
Removing zero-valued device vsrc from cell heichips26_vcr_tiny (1) makes a better match
Removing zero-valued device vsrc from cell heichips26_vcr_tiny (1) makes a better match
Removing zero-valued device vsrc from cell heichips26_vcr_tiny (1) makes a better match
Removing zero-valued device vsrc from cell heichips26_vcr_tiny (1) makes a better match
Removing zero-valued device vsrc from cell heichips26_vcr_tiny (1) makes a better match
Removing zero-valued device vsrc from cell heichips26_vcr_tiny (1) makes a better match
Removing zero-valued device vsrc from cell heichips26_vcr_tiny (1) makes a better match
Removing zero-valued device vsrc from cell heichips26_vcr_tiny (1) makes a better match
Removing zero-valued device vsrc from cell heichips26_vcr_tiny (1) makes a better match
Removing zero-valued device vsrc from cell heichips26_vcr_tiny (1) makes a better match
Removing zero-valued device vsrc from cell heichips26_vcr_tiny (1) makes a better match
Removing zero-valued device vsrc from cell heichips26_vcr_tiny (1) makes a better match
Removing zero-valued device vsrc from cell heichips26_vcr_tiny (1) makes a better match
Removing zero-valued device vsrc from cell heichips26_vcr_tiny (1) makes a better match
Removing zero-valued device vsrc from cell heichips26_vcr_tiny (1) makes a better match
Removing zero-valued device vsrc from cell heichips26_vcr_tiny (1) makes a better match
Removing zero-valued device vsrc from cell heichips26_vcr_tiny (1) makes a better match
Removing zero-valued device vsrc from cell heichips26_vcr_tiny (1) makes a better match
Removing zero-valued device vsrc from cell heichips26_vcr_tiny (1) makes a better match
Removing zero-valued device vsrc from cell heichips26_vcr_tiny (1) makes a better match
Making another compare attempt.

Cell heichips26_vcr_tiny (0) disconnected node: clk
Cell heichips26_vcr_tiny (0) disconnected node: ena
Cell heichips26_vcr_tiny (0) disconnected node: rst_n
Cell heichips26_vcr_tiny (1) disconnected node: rst_n
Cell heichips26_vcr_tiny (1) disconnected node: clk
Cell heichips26_vcr_tiny (1) disconnected node: ena
Class heichips26_vcr_tiny (0):  Merged 512 parallel devices.
Class heichips26_vcr_tiny (0):  Merged 40 series devices.
Class heichips26_vcr_tiny (1):  Merged 3 parallel devices.
Cell heichips26_vcr_tiny (0) disconnected node: clk
Cell heichips26_vcr_tiny (0) disconnected node: ena
Cell heichips26_vcr_tiny (0) disconnected node: rst_n
Cell heichips26_vcr_tiny (1) disconnected node: rst_n
Cell heichips26_vcr_tiny (1) disconnected node: clk
Cell heichips26_vcr_tiny (1) disconnected node: ena
Subcircuit summary:
Circuit 1: heichips26_vcr_tiny             |Circuit 2: heichips26_vcr_tiny             
-------------------------------------------|-------------------------------------------
sg13_hv_pmos (351->93)                     |sg13_hv_pmos (93)                          
sg13_hv_nmos (352->98)                     |sg13_hv_nmos (101->98)                     
rppd (2->1)                                |rppd (1)                                   
rhigh (11->3)                              |rhigh (3)                                  
rsil (32->1)                               |rsil (1)                                   
Number of devices: 196                     |Number of devices: 196                     
Number of nets: 110 **Mismatch**           |Number of nets: 109 **Mismatch**           
---------------------------------------------------------------------------------------
NET mismatches: Class fragments follow (with fanout counts):
Circuit 1: heichips26_vcr_tiny             |Circuit 2: heichips26_vcr_tiny             

---------------------------------------------------------------------------------------
Net: sg13g2_hv_tielo_0.VDD                 |Net: VSS                                   
  sg13_hv_pmos/(1|3) = 1                   |  sg13_hv_nmos/(1|3) = 3                   
  sg13_hv_pmos/2 = 1                       |  sg13_hv_nmos/4 = 3                       
  sg13_hv_pmos/4 = 1                       |                                           
  sg13_hv_nmos/2 = 1                       |                                           
                                           |                                           
Net: VGND                                  |Net: VGND                                  
  sg13_hv_nmos/4 = 98                      |  sg13_hv_nmos/4 = 95                      
  sg13_hv_nmos/(1|3) = 78                  |  sg13_hv_nmos/(1|3) = 75                  
  rppd/(1|2) = 1                           |  rppd/(1|2) = 1                           
  rppd/3 = 1                               |  rppd/3 = 1                               
  rhigh/(1|2) = 1                          |  rhigh/(1|2) = 1                          
  rhigh/3 = 3                              |  rhigh/3 = 3                              
  rsil/3 = 1                               |  rsil/3 = 1                               
                                           |                                           
Net: sg13g2_hv_tielo_2.VDD                 |Net: VDD                                   
  sg13_hv_pmos/(1|3) = 1                   |  sg13_hv_nmos/2 = 3                       
  sg13_hv_pmos/2 = 1                       |  sg13_hv_pmos/2 = 3                       
  sg13_hv_pmos/4 = 1                       |  sg13_hv_pmos/(1|3) = 3                   
  sg13_hv_nmos/2 = 1                       |  sg13_hv_pmos/4 = 3                       
                                           |                                           
Net: sg13g2_hv_tielo_1.VDD                 |(no matching net)                          
  sg13_hv_nmos/2 = 1                       |                                           
  sg13_hv_pmos/(1|3) = 1                   |                                           
  sg13_hv_pmos/2 = 1                       |                                           
  sg13_hv_pmos/4 = 1                       |                                           
---------------------------------------------------------------------------------------
Netlists do not match.
Port matching may fail to disambiguate symmetries.

Subcircuit pins:
Circuit 1: heichips26_vcr_tiny             |Circuit 2: heichips26_vcr_tiny             
-------------------------------------------|-------------------------------------------
Cell pin lists are equivalent.
Device classes heichips26_vcr_tiny and heichips26_vcr_tiny are equivalent.

Final result: Netlists do not match.
Port matching may fail to disambiguate symmetries.
